// Jest Snapshot v1, https://goo.gl/fbAQLP

exports[`render "Container" correctly 1`] = `
<View
  style={
    Object {
      "alignItems": "center",
      "backgroundColor": "#CACACA",
      "bottom": 0,
      "flexDirection": "column",
      "justifyContent": "center",
      "left": 0,
      "position": "absolute",
      "right": 0,
      "top": 0,
    }
  }
>
  <View />
</View>
`;
